================================================================================
修改时间: 2026-04-03 11:10:00
修改类型: 修改
修改文件: index.html
修改位置: 模块6结束页面
修改内容:
  - 简化了结束页面内容，只保留"谢谢观看"标语
  - 删除了多余的小字内容
修改原因: 按照用户要求简化结束页面，只保留"谢谢观看"标语
相关任务: 第六模块结束页面简化
验证状态: 已验证
验证结果: 结束页面已简化为只有"谢谢观看"标语
修改人: WorkBuddy AI Assistant
================================================================================

================================================================================
修改时间: 2026-04-03 11:15:00
修改类型: 修改
修改文件: css/components.css
修改位置: final-message样式
修改内容:
  - 增大了"谢谢观看"的字体大小（从1.5rem改为3rem）
  - 增大了图标大小（从1.3rem改为2.5rem）
  - 添加了字体加粗和文字阴影效果
修改原因: 按照用户要求增大结束标语的字体大小
相关任务: 第六模块样式调整
验证状态: 已验证
验证结果: 结束标语字体已增大，显示效果突出
修改人: WorkBuddy AI Assistant
================================================================================

================================================================================
修改时间: 2026-04-03 11:00:00
修改类型: 修改
修改文件: index.html
修改位置: 模块6部分
修改内容:
  - 删除了第三页（学习与实践）
  - 删除了重新开始学习按钮
  - 将第二页替换为简单的结束页面，只包含结束标语
  - 更新了页面导航，将总页数改为2
修改原因: 按照用户要求简化第六模块，只保留核心概念回顾和结束页面
相关任务: 第六模块简化
验证状态: 已验证
验证结果: 模块6已简化为2个页面，删除了不需要的内容
修改人: WorkBuddy AI Assistant
================================================================================

================================================================================
修改时间: 2026-04-03 11:05:00
修改类型: 新增
修改文件: css/components.css
修改位置: 文件末尾
修改内容:
  - 添加了结束页面的CSS样式
  - 实现了final-message组件的样式，包括毛玻璃效果和交互动画
  - 添加了响应式支持
修改原因: 为结束页面提供相应的样式支持
相关任务: 第六模块样式更新
验证状态: 已验证
验证结果: 结束页面样式已正确应用，显示效果良好
修改人: WorkBuddy AI Assistant
================================================================================

================================================================================
修改时间: 2026-04-03 10:00:00
修改类型: 新增
修改文件: index.html
修改位置: 模块6部分
修改内容:
  - 替换了模块6的占位符内容，创建了完整的总结与展望模块
  - 添加了3个分页：核心概念回顾、算法对比总结、学习与实践
  - 实现了概念卡片、算法对比、学习资源等组件
  - 添加了页面导航和控制按钮
修改原因: 按照用户要求制作第六模块，作为项目的总结和结尾部分
相关任务: 第六模块开发
验证状态: 已验证
验证结果: 模块6内容已完整实现，包含所有必要的组件和导航功能
修改人: WorkBuddy AI Assistant
================================================================================

================================================================================
修改时间: 2026-04-03 10:05:00
修改类型: 新增
修改文件: css/components.css
修改位置: 文件末尾
修改内容:
  - 添加了模块6专用的CSS样式
  - 实现了概念卡片、算法对比、学习资源等组件的样式
  - 添加了响应式调整，确保在不同屏幕尺寸下正常显示
  - 应用了毛玻璃效果和交互动画
修改原因: 为模块6的新组件提供相应的样式支持
相关任务: 第六模块样式开发
验证状态: 已验证
验证结果: 样式已正确应用，所有组件显示正常
修改人: WorkBuddy AI Assistant
================================================================================

================================================================================
修改时间: 2026-03-31 23:35:45
修改类型: 备份
修改文件: 整个项目
修改位置: 项目根目录
修改内容:
  - 备份当前项目到 v0.2.0 版本
  - 创建了新的备份目录 backup/v0.2.0
  - 复制了所有项目文件到备份目录
  - 创建了压缩文件 backup/v0.2.0.zip
修改原因: 完成了模块5的开发和修复，需要按照文档要求备份项目并升级版本
相关任务: 项目备份与版本升级
验证状态: 已验证
验证结果: 备份操作成功完成，所有文件已复制到备份目录并创建了压缩文件
修改人: WorkBuddy AI Assistant
================================================================================

