================================================================================
修改时间: 2025-03-15 18:45:30
修改类型: 新增
修改文件: js/visualizations.js
修改位置: 模块3可视化系统 - 完整实现
修改内容: 
  - 新增模块3（算法原理）完整可视化系统：
    * 实现drawStep1Grid()：第1页网格划分可视化，使用drawGridToCanvas()绘制规则网格，高亮示例单元格，添加文字说明
    * 实现drawStep2Gradients()：第2页梯度向量可视化，使用drawGradientsToCanvas()绘制随机梯度向量（蓝色箭头），中心点发光效果
    * 实现drawStep3DotProduct()：第3页点乘运算可视化，使用drawDotProductToCanvas()绘制距离向量（红色虚线）和点乘值标注
    * 实现drawStep4Interpolation()：第4页插值平滑可视化，使用drawInterpolationToCanvas()绘制双线性插值和平滑函数曲线
    * 增强drawGrid()：改进网格视觉效果，使用rgba颜色增加透明度
    * 完善drawGradients()：使用通用绘制逻辑，增强箭头绘制
    * 增强drawInterpolationCurve()：使用通用插值逻辑，清除画布后重绘
  - 新增辅助函数：
    * smoothStep(t)：实现5阶平滑插值函数 6t⁵ - 15t⁴ + 10t³
    * lerp(a, b, t)：线性插值函数
  - 新增交互功能：
    * setupAlgorithmTabs()：实现第5页tab切换功能，支持网格/梯度/点乘/插值四种视图切换
    * 绑定tab点击事件，更新信息文本和可视化内容
  - 验证第6页算法特点可视化：
    * drawContinuity()：平滑连续曲线，已完成
    * drawRandomness()：随机梯度向量分布，已完成
    * drawRepeatability()：可重复性演示（使用固定种子42），已完成
    * drawControllability()：不同频率参数对比（高频紫色/低频青色），已完成
修改原因: 完成模块3（算法原理）的可视化功能，实现4个核心步骤的交互式演示和算法特点的展示
相关任务: 完成"算法原理"模块的可视化
验证状态: 已验证
验证结果: 在浏览器中预览测试，所有6个页面显示正常：
  - 第1页：网格划分清晰显示，单元格高亮效果正常
  - 第2页：梯度向量箭头方向随机，中心点发光效果可见
  - 第3页：点乘运算可视化，距离向量和点乘值标注清晰
  - 第4页：插值平滑效果展示，平滑函数曲线绘制正确
  - 第5页：交互式演示，tab切换功能正常，四种视图切换流畅
  - 第6页：4个算法特点图表（连续性/随机性/可重复性/可控性）均正常显示
  - 所有canvas元素无报错，鼠标交互响应正常
  - 1920x1080分辨率下无垂直滚动条，符合16:9比例要求
修改人: WorkBuddy AI Assistant
================================================================================
================================================================================
修改时间: 2025-03-15 18:50:15
修改类型: 优化
修改文件: js/visualizations.js
修改位置: 模块3样式和视觉效果
修改内容: 
  - 优化所有可视化函数的颜色方案：
    * 网格线：从'#2a2f48'改为'rgba(41, 98, 255, 0.2)'，增加透明度
    * 梯度向量：蓝色'#2962ff'，箭头头部8像素，角度30度
    * 距离向量：红色虚线'rgba(255, 82, 82, 0.6)'，线宽1像素
    * 角点标记：绿色'#00c853'，半径4像素，添加发光效果
    * 平滑插值：使用半透明显示（alpha=150），增强层次感
  - 优化文字样式：
    * 标题：14px Segoe UI，颜色#e0e7ff
    * 描述：12px Segoe UI，颜色#b8c2ff
    * 标注：bold 12px Arial，居中显示
  - 增强发光效果：为中心点和重要标记添加rgba描边
  - 添加网格高亮：示例单元格使用绿色'#00c853'边框，线宽2像素
修改原因: 提升可视化效果的视觉层次感和专业度，确保与毛玻璃效果协调
相关任务: 模块3可视化优化
验证状态: 已验证
验证结果: 在浏览器中预览测试，所有可视化效果清晰：
  - 颜色搭配符合品牌色系（科技蓝/成功绿/警示橙/错误红）
  - 透明度效果自然，不遮挡背景毛玻璃效果
  - 文字可读性良好，与背景对比度足够
  - 发光效果自然，增强视觉焦点
  - 所有修改符合RULE.md色彩系统规范
修改人: WorkBuddy AI Assistant
================================================================================
