================================================================================
修改时间：2026-04-03 16:30:00
修改类型：优化
修改文件：index.html
修改位置：文件末尾，main 容器之后
修改内容:
  - 将银河幕布容器从第六模块第二页内部移到 main 容器外部的最外层
  - 移除了第六模块第二页中的银河幕布 HTML 结构
  - 在</main>标签后、帮助模态框前添加了独立的银河幕布容器
  - 确保幕布容器不会被导航栏或其他元素遮挡
修改原因：用户反馈银河幕布显示在最上层，不能被标题栏等元素遮挡
相关任务：银河幕布层级优化
验证状态：已验证
验证结果：银河幕布容器已移到最外层，z-index 设置为 9999，确保在所有元素之上
修改人：WorkBuddy AI Assistant

================================================================================
修改时间：2026-04-03 16:30:00
修改类型：优化
修改文件：css/components.css
修改位置：银河幕布样式部分
修改内容:
  - 将.galaxy-curtain 的 z-index 从 1000 提升到 9999
  - 增加背景不透明度：从 rgba(10, 13, 26, 0.9) 改为 rgba(10, 13, 26, 0.95)
  - 增强毛玻璃效果：backdrop-filter 从 blur(10px) 改为 blur(15px)
  - 注释更新，明确说明幕布容器在最外层
修改原因：确保银河幕布在所有页面元素之上，提供更好的视觉效果
相关任务：银河幕布层级和样式优化
验证状态：已验证
验证结果：z-index 已更新为 9999，背景更不透明，毛玻璃效果更强
修改人：WorkBuddy AI Assistant

================================================================================
修改时间：2026-04-03 16:30:00
修改类型：优化
修改文件：js/main.js
修改位置：GalaxyCurtain 类
修改内容:
  - 修改 generateStars() 方法：
    * 增加星星密度：从每 10000 像素 1 颗改为每 3000 像素 1 颗（约 3 倍）
    * 添加 35°角计算：使用 cos(35°) 和 sin(35°) 计算方向向量
    * 修改速度分量：添加 vx（向左）和 vy（向下）属性，实现从右上到左下的 35°斜向运动
    * 降低下落速度：从 0.1-0.6 改为 0.05-0.2，使星星更缓慢下落
  
  - 修改 animate() 方法：
    * 星星移动从垂直向下改为按 35°角斜向移动（star.x += star.vx; star.y += star.vy）
    * 修改星星重生逻辑：当星星从左侧或下侧离开画布时，从右上侧重新进入
    * 重生位置：x = window.innerWidth + Math.random() * 200（右侧外），y = -Math.random() * 200（上侧外）
  
  - 添加 ESC 键控制功能：
    * 在 addEventListeners() 中添加键盘事件监听器
    * 按 ESC 键时：如果幕布已展开则收起，如果已收起则再次展开
    * 添加 showCurtain() 方法：展开幕布并显示 THE END 文字
    * 添加 hideCurtain() 方法：收起幕布并重置文字状态
    * ESC 键可以反复切换幕布的展开/收起状态
修改原因：用户要求星点按 35°斜角下落、增加密度、降低速度，并添加 ESC 键控制
相关任务：银河幕布动画优化和交互增强
验证状态：已验证
验证结果：星星现在以 35°角从右上到左下缓慢下落，密度增加约 3 倍，ESC 键可以完美控制幕布的展开和收起
修改人：WorkBuddy AI Assistant

================================================================================
修改时间：2026-04-03 15:45:00
修改类型：新增
修改文件：index.html
修改位置：第六模块第二页
修改内容:
  - 在第六模块第二页添加了银河幕布效果的 HTML 结构
  - 添加了 id 为"thankYouMessage"的 div 元素，用于点击触发效果
  - 添加了 id 为"galaxyCurtain"的 div 容器，用于实现幕布效果
  - 添加了 id 为"starsCanvas"的 canvas 元素，用于绘制星空背景
  - 添加了 id 为"theEndText"的 div 元素，用于显示"THE END"文字
修改原因：为第六模块第二页实现银河幕布效果和点击交互
相关任务：实现银河幕布效果
验证状态：已验证
验证结果：HTML 结构已正确添加，为后续的 CSS 样式和 JavaScript 代码提供了基础
修改人：WorkBuddy AI Assistant

================================================================================
修改时间：2026-04-03 15:45:00
修改类型：新增
修改文件：css/components.css
修改位置：文件末尾
修改内容:
  - 添加了银河幕布效果的 CSS 样式
  - 实现了.galaxy-curtain 类的样式，包括毛玻璃效果和展开动画
  - 实现了#starsCanvas 的样式，用于星空背景
  - 实现了.the-end-text 类的样式，包括文字大小和淡入淡出动画
  - 添加了#thankYouMessage 的点击效果
  - 添加了响应式调整，确保在不同屏幕尺寸下效果正常
修改原因：为银河幕布效果提供样式支持
相关任务：实现银河幕布效果样式
验证状态：已验证
验证结果：CSS 样式已正确添加，银河幕布效果的视觉样式已实现
修改人：WorkBuddy AI Assistant

================================================================================
修改时间：2026-04-03 15:45:00
修改类型：新增
修改文件：js/main.js
修改位置：文件末尾
修改内容:
  - 添加了 GalaxyCurtain 类，用于实现银河幕布效果
  - 实现了星星的生成、动画和移动效果
  - 添加了点击事件监听器，实现完整的交互流程
  - 实现了窗口大小变化的响应式处理
  - 添加了动画控制和资源清理功能
修改原因：为银河幕布效果提供 JavaScript 支持
相关任务：实现银河幕布效果逻辑
验证状态：已验证
验证结果：JavaScript 代码已正确添加，银河幕布效果的交互逻辑已实现
修改人：WorkBuddy AI Assistant

================================================================================
修改时间：2026-04-03 15:30:45
修改类型：修改
修改文件：css/components.css
修改位置：所有卡片阴影效果
修改内容:
  - .problem-card：将 box-shadow 从 none 修改为 var(--shadow-light)
  - .formula-box：将 box-shadow 从 none 修改为 var(--shadow-light)
  - .insight-box：将 box-shadow 从 none 修改为 var(--shadow-light)
  - .property-viz-item：将 box-shadow 从 none 修改为 var(--shadow-light)
  - .problem-card-viz：将 box-shadow 从 none 修改为 var(--shadow-light)
修改原因：根据用户要求，将所有卡片的阴影效果统一替换为第六模块第一页中"算法核心"卡片所使用的阴影效果
相关任务：统一所有卡片阴影效果
验证状态：已验证
验证结果：在浏览器中预览，所有卡片的阴影效果现在统一为 var(--shadow-light)，与第六模块第一页的"算法核心"卡片保持一致
修改人：WorkBuddy AI Assistant

================================================================================
