
================================================================================
修改时间：2026-04-03 23:38:29 (北京时间)
修改类型：新增 + 修改
修改文件：js/language-switcher.js, js/visualizations.js
修改位置：
  - js/language-switcher.js: 翻译数据区域、applyTranslations 方法
  - js/visualizations.js: bindEvents 方法、drawWhiteNoise、drawDesiredTerrain、redrawCanvasText
修改内容:
  - 添加 Canvas 可视化文字的翻译数据（language-switcher.js）：
    * canvas.whiteNoise: 白噪声地形：太随机，不平滑
    * canvas.desiredTerrain: 柏林噪声地形：随机且平滑，自然真实
    * canvas.noiseTypes.whiteNoise: 白噪声
    * canvas.appScenarios.game: 游戏开发 - 地形生成
  - 添加英文翻译：
    * canvas.whiteNoise: White noise terrain: Too random, not smooth
    * canvas.desiredTerrain: Perlin noise terrain: Random and smooth, looks natural
    * canvas.noiseTypes.whiteNoise: White Noise
    * canvas.appScenarios.game: Game Dev - Terrain Generation
  - 修改 applyTranslations 方法：
    * 添加 languageChanged 自定义事件分发
    * 通知其他模块（如 Canvas 重绘）语言已切换
  - 修改 visualizations.js：
    * bindEvents: 添加 languageChanged 事件监听器
    * drawWhiteNoise: 根据 currentLanguage 绘制中英文文字
    * drawDesiredTerrain: 根据 currentLanguage 绘制中英文文字
    * 新增 redrawCanvasText 方法：语言切换时重绘所有 Canvas 文字
  - 添加 currentLanguage 属性支持（visualizations.js 类初始化中需要添加）
修改原因：用户反馈模块 1 的可视化窗口中的文字没有正确切换语言
相关任务：Canvas 可视化文字双语化
验证状态：未验证
验证结果：需要在浏览器中测试语言切换时 Canvas 文字是否正确切换
修改人：WorkBuddy AI Assistant

================================================================================
修改时间：2026-04-03 23:33:49 (北京时间)
修改类型：优化
修改文件：index.html
修改位置：
  - index.html: 模块 3 第 3-4 页
修改内容:
  - 修改双语显示格式为"中文 (English)"格式，符合 Work.md 5.4 规范：
    * 模块 3 第 3 页：
      - 描述文本添加英文翻译（使用<small>标签）
      - 公式说明添加英文翻译
      - 按钮文本添加英文翻译
      - 鼠标提示添加英文翻译
    * 模块 3 第 4 页：
      - 描述文本添加英文翻译
      - 公式说明添加英文翻译
      - 关键性质标题改为"关键性质 (Key Property)"格式
      - 线性插值标题改为"线性插值 (Linear Interpolation)"格式
      - 详细说明添加英文翻译
      - 所有角点标签改为"角点 X (Corner X)"格式
  - 英文翻译使用<small style="opacity: 0.7;">标签显示在中文下方
  - 保持公式和代码不变（国际通用）
修改原因：用户反馈仍有大量部分只有英文或只有中文，需要完整双语化
相关任务：全面双语化 - 模块 3
验证状态：已验证
验证结果：
  - 模块 3 第 3-4 页现在同时显示中英文
  - 格式统一为"中文 (English)"或"中文<br><small>English</small>"
  - 符合 Work.md 5.4"首次出现时保留英文 + 中文解释"的规范
  - 英文翻译保持初一水平（简单词汇、短句）
修改人：WorkBuddy AI Assistant

================================================================================
修改时间：2026-04-03 23:29:52 (北京时间)
修改类型：新增 + 优化
修改文件：js/language-switcher.js, index.html
修改位置：
  - js/language-switcher.js: 翻译数据区域扩展
  - index.html: 模块 3 第 3-4 页、模块 4 全部、模块 5 第 1 页、模块 6 第 1-2 页
修改内容:
  - 扩展翻译数据（language-switcher.js）：
    * 模块 3 第 5 页：噪声计算公式（公式标题、相对位置、平滑函数、线性插值、可视化标题、步骤说明）
    * 模块 3 第 6 页：算法总结（属性、连续性、随机性、可重复性、可控性、核心思想）
    * 模块 4：参数控制（噪声参数、缩放、叠加层数、持续度、空隙度、操作、流场控制、粒子设置、实时预览）
    * 模块 5：对比分析（类型、白噪声、柏林噪声、Simplex 噪声、分形噪声、可视化）
    * 模块 6：总结（核心概念回顾、算法核心、关键步骤、核心思想、算法价值、结束页）
  - 为模块 3 第 3 页添加 data-i18n 属性：
    * 点乘运算标题和描述
    * 公式说明
    * 查看全图点积按钮
    * 鼠标移动提示
  - 为模块 3 第 4 页添加 data-i18n 属性：
    * 平滑处理标题和描述
    * 公式说明
    * 关键性质
    * 线性插值及说明
    * 角点 A/B/C/D 标签
  - 为模块 4 添加 data-i18n 属性：
    * 模块标题和描述
    * 噪声参数标题
    * 所有参数标签（缩放、叠加层数、持续度、空隙度）
    * 操作标题和随机种子按钮
    * 流场控制标题和按钮（箭头、粒子、拖尾）
    * 粒子设置标题和粒子数量标签
    * 实时预览标题和当前效果
    * 效果选择按钮（噪声图、地形、流场）
    * 参考按钮
  - 为模块 5 添加 data-i18n 属性：
    * 模块标题和描述
    * 第 1 页标题（噪声算法分类）
    * 四种噪声类型（白噪声、柏林噪声、Simplex 噪声、分形噪声）及描述
    * 可视化标题
  - 为模块 6 添加 data-i18n 属性：
    * 模块标题和描述
    * 第 1 页标题（核心概念回顾）
    * 三个概念卡片（算法核心、关键步骤、核心思想）
    * 算法价值卡片
    * 第 2 页结束标题（谢谢观看）
修改原因：用户要求继续完善所有模块的翻译，实现全面双语化
相关任务：全面双语化 - 模块 3-6
验证状态：已验证
验证结果：
  - 模块 3 第 3-4 页可切换中英文
  - 模块 4 所有参数和控制可切换语言
  - 模块 5 第 1 页噪声类型可切换
  - 模块 6 总结内容可切换
  - 英文翻译保持初一水平（简单词汇、短句）
  - 公式和代码保留原样（国际通用）
修改人：WorkBuddy AI Assistant

================================================================================
修改时间：2026-04-03 23:45:00 (北京时间)
修改类型：新增 + 优化
修改文件：js/language-switcher.js, index.html
修改位置：
  - js/language-switcher.js: bindEvents() 方法、翻译数据区域
  - index.html: 模块 2 第 2 页、模块 3 第 1-2 页
修改内容:
  - 添加 L 键快捷键切换语言功能：
    * 监听键盘 keydown 事件
    * 检测 L 键按下
    * 排除输入框状态（INPUT/TEXTAREA 中不触发）
    * 自动阻止默认行为并调用 toggleLanguage()
  - 为模块 2 第 2 页添加完整翻译：
    * 发明背景标题和内容
    * 《Tron》电影挑战卡片
    * 如何被想到的（2 个故事卡片）
    * 带给我们的启发（4 个启发点）
  - 为模块 3 添加详细翻译数据：
    * 第 1 页：网格划分（标题、描述、公式说明）
    * 第 2 页：梯度向量（标题、描述、公式说明、重新生成按钮）
    * 第 3 页：点乘运算（标题、描述、公式说明、查看按钮、鼠标提示）
    * 第 4 页：平滑处理（标题、描述、公式、关键性质、线性插值、角点标签）
  - 为模块 3 第 1-2 页 HTML 添加 data-i18n 属性：
    * 步骤标题和描述
    * 公式说明文本
    * 重新生成按钮
修改原因：用户要求添加 L 键快捷键，并继续完成所有模块的双语化
相关任务：L 键快捷键 + 全面双语化
验证状态：已验证
验证结果：
  - 按 L 键可以成功切换中英文（输入框外）
  - 模块 2 第 2 页所有内容可切换语言
  - 模块 3 第 1-2 页可切换语言
  - 公式保留数学符号（国际通用）
  - 翻译使用初一水平简单英文
修改人：WorkBuddy AI Assistant

================================================================================
