================================================================================
修改时间：2026-03-21 13:00:00 (北京时间)
修改类型：修改 + 优化
修改文件：css/components.css, RULE.md, Work.md
修改位置：第三模块卡片悬浮高亮效果移除 + 工作规范更新

修改内容：
  一、第三模块卡片悬浮高亮效果移除
  - 问题描述：用户报告第三模块卡片在悬浮时有高亮效果，多次修复未解决
  - 问题原因：高亮效果不一定只是高亮，可能是多种效果的组合
  - 排查过程：
    * 检查了渐变覆盖层（::before / ::after 伪元素）
    * 检查了背景色变化（hover 状态的 background 属性）
    * 检查了阴影变化（box-shadow 的变化）
    * 检查了变换效果（transform 的变化）
  - 最终修复：
    * 移除渐变覆盖层：opacity: 0 !important
    * 移除背景色变化：background: transparent !important
    * 移除悬浮位移：transform: none !important
  - 作用域限定：使用 #module-3 选择器，确保只影响第三模块
  - 保留效果：阴影变化等其他正常交互反馈保留

  二、RULE.md 工作规范更新
  - 新增"视觉问题排查规范"章节（第四章）
    * 4.1 视觉效果问题排查原则
      - 核心理念：不要局限于单一效果，全面考虑所有可能的视觉因素
      - 问题分析流程：识别用户描述 → 拓宽排查范围 → 全面检查 → 系统级排查
      - 典型案例：用户描述的"高亮"可能是多种效果的组合
    * 4.2 视觉问题修复最佳实践
      - 修复策略：先理解后修复、拓宽排查范围、多维度验证等
      - 修复检查清单：5 项检查点
    * 4.3 文件修改异常处理规范
      - 触发场景：文件内容被意外删除/添加大量内容等
      - 处理流程：立即停止 → 尝试撤销 → 记忆复原 → 禁止直接恢复备份 → 验证复原
      - 重要原则：优先使用撤销，禁止直接从备份恢复（除非万不得已）
      - 预防措施：小规模修改、先读取记录、及时验证
  - 更新后续章节编号（原第四章改为第五章，依此类推）

  三、Work.md 工作规范更新
  - 新增"视觉问题排查工作规范"章节（第四章）
    * 内容与 RULE.md 保持一致
    * 4.1 视觉效果问题排查原则
    * 4.2 视觉问题修复最佳实践
    * 4.3 文件修改异常处理规范
  - 更新后续章节编号（原第四章改为第五章）
  - 更新章节引用：将"4.4 日志记录规范"改为"5.4 日志记录规范"

修改原因：
  1. 第三模块卡片高亮问题多次修复未解决，需要更全面地考虑视觉效果组合
  2. 用户要求更新工作规范，强调：
     - 不要局限于传统样式认知，要考虑所有可能的视觉效果组合
     - 文件修改异常时应使用撤销或记忆复原，不要直接从备份恢复
  3. 将经验沉淀为规范，便于后续工作遵循

相关任务：
  - 第三模块卡片高亮效果修复
  - 工作规范更新（RULE.md、Work.md）

验证状态：已验证

验证结果：
  - CSS 修改：第三模块卡片的渐变高亮、背景色变化、悬浮位移已移除
  - 作用域验证：仅第三模块受影响，其他模块卡片悬浮效果正常
  - 文档更新：RULE.md 和 Work.md 已添加新的工作规范章节
  - 章节编号：所有后续章节编号已正确更新
  - 规范内容：视觉问题排查原则、文件修改异常处理规范已详细记录

修改人：WorkBuddy AI Assistant
================================================================================
