
================================================================================
修改时间：2026-04-11 20:15:00 (北京时间)
修改类型：修复翻译缺失（第五模块第一页）
修改文件：
  - index.html (第 952-996 行)
  - js/language-switcher.js (第 258-280 行，第 552-574 行)
  
修改内容:
  1. index.html - 为噪声算法属性添加 data-i18n 属性（第 952-996 行）：
     - 白噪声卡片属性（第 952-954 行）：
       * continuity: 连续性：低
       * naturalness: 自然度：低
       * speed: 计算速度：快
     - 柏林噪声卡片属性（第 966-968 行）：
       * continuity: 连续性：高
       * naturalness: 自然度：高
       * speed: 计算速度：中等
     - Simplex 噪声卡片属性（第 980-982 行）：
       * continuity: 连续性：高
       * naturalness: 自然度：高
       * speed: 计算速度：快
     - 分形噪声卡片属性（第 994-996 行）：
       * continuity: 连续性：高
       * naturalness: 自然度：高
       * speed: 计算速度：慢
  
  2. js/language-switcher.js - 添加中文翻译键（第 258-280 行）：
     - module5.page1.whiteNoise.continuity: 连续性：低
     - module5.page1.whiteNoise.naturalness: 自然度：低
     - module5.page1.whiteNoise.speed: 计算速度：快
     - module5.page1.perlinNoise.continuity: 连续性：高
     - module5.page1.perlinNoise.naturalness: 自然度：高
     - module5.page1.perlinNoise.speed: 计算速度：中等
     - module5.page1.simplexNoise.continuity: 连续性：高
     - module5.page1.simplexNoise.naturalness: 自然度：高
     - module5.page1.simplexNoise.speed: 计算速度：快
     - module5.page1.fractalNoise.continuity: 连续性：高
     - module5.page1.fractalNoise.naturalness: 自然度：高
     - module5.page1.fractalNoise.speed: 计算速度：慢
  
  3. js/language-switcher.js - 添加英文翻译键（第 552-574 行）：
     - module5.page1.whiteNoise.continuity: Continuity: Low
     - module5.page1.whiteNoise.naturalness: Naturalness: Low
     - module5.page1.whiteNoise.speed: Speed: Fast
     - module5.page1.perlinNoise.continuity: Continuity: High
     - module5.page1.perlinNoise.naturalness: Naturalness: High
     - module5.page1.perlinNoise.speed: Speed: Medium
     - module5.page1.simplexNoise.continuity: Continuity: High
     - module5.page1.simplexNoise.naturalness: Naturalness: High
     - module5.page1.simplexNoise.speed: Speed: Fast
     - module5.page1.fractalNoise.continuity: Continuity: High
     - module5.page1.fractalNoise.naturalness: Naturalness: High
     - module5.page1.fractalNoise.speed: Speed: Slow
  
修改原因：用户反馈"第五模块第一页的各种特点（如：连续性：……自然度：……）没有英文的版本，请修复"
         问题分析：
         1. 第五模块第一页展示了 4 种噪声算法的对比卡片
         2. 每个卡片包含 3 个属性：连续性、自然度、计算速度
         3. 这些属性文本直接硬编码在 HTML 中，没有 data-i18n 属性
         4. 导致切换语言时，这些文本不会翻译成英文
         
         解决方案：
         1. 为所有 12 个属性文本添加 data-i18n 属性
         2. 在 language-switcher.js 中添加对应的中英文翻译
         3. 翻译键命名规范：module5.page1.[noiseType].[property]
         4. 翻译内容遵循简洁原则（初一英语水平）
         
         翻译质量：
         - ✅ 使用简单词汇（Continuity, Naturalness, Speed）
         - ✅ 使用简单句式（属性：值）
         - ✅ 避免专业术语（使用 High/Low/Medium/Fast/Slow）
         - ✅ 符合 RULE.md 的英文翻译规范

相关任务：修复第五模块第一页翻译缺失问题
验证状态：未验证
验证结果：待用户在浏览器中测试以下功能：
  - ✅ 切换到第五模块第一页
  - ✅ 单击语言切换按钮或按 L 键切换到英文
  - ✅ 检查 4 个噪声算法卡片的属性是否正确翻译：
    * 白噪声：Continuity: Low, Naturalness: Low, Speed: Fast
    * 柏林噪声：Continuity: High, Naturalness: High, Speed: Medium
    * Simplex 噪声：Continuity: High, Naturalness: High, Speed: Fast
    * 分形噪声：Continuity: High, Naturalness: High, Speed: Slow
  - ✅ 切换回中文，检查是否显示正确
  - ✅ 双击语言切换按钮或按 D 键切换到双语模式
  - ✅ 检查属性文本是否同时显示中英文
  
  翻译完整性：
  - ✅ 4 种噪声算法 × 3 个属性 = 12 个翻译键
  - ✅ 中英文翻译全部添加完成
  - ✅ 命名规范统一，易于维护

修改人：WorkBuddy AI Assistant

================================================================================